#-----------------------------------------------------------
# Webtalk v2018.3 (64-bit)
# SW Build 2405991 on Thu Dec  6 23:38:27 MST 2018
# 
# Start of session at: Fri May  8 17:24:39 2026
# Process ID: 27936
# Current directory: C:/ecg_full_release/project_1/project_1.sdk/webtalk
# Command line: wbtcv.exe -mode batch -source sdk_webtalk.tcl
# Log file: C:/ecg_full_release/project_1/project_1.sdk/webtalk/webtalk.log
# Journal file: C:/ecg_full_release/project_1/project_1.sdk/webtalk\webtalk.jou
#-----------------------------------------------------------
source sdk_webtalk.tcl
# webtalk_init -webtalk_dir C:\\ecg_full_release\\project_1\\project_1.sdk\\webtalk
# webtalk_register_client -client project
# webtalk_add_data -client project -key date_generated -value "2026-05-08 17:24:38" -context "software_version_and_target_device"
# webtalk_add_data -client project -key product_version -value "SDK v2018.3" -context "software_version_and_target_device"
# webtalk_add_data -client project -key build_version -value "2018.3" -context "software_version_and_target_device"
# webtalk_add_data -client project -key os_platform -value "amd64" -context "software_version_and_target_device"
# webtalk_add_data -client project -key registration_id -value "" -context "software_version_and_target_device"
# webtalk_add_data -client project -key tool_flow -value "SDK" -context "software_version_and_target_device"
# webtalk_add_data -client project -key beta -value "false" -context "software_version_and_target_device"
# webtalk_add_data -client project -key route_design -value "NA" -context "software_version_and_target_device"
# webtalk_add_data -client project -key target_family -value "NA" -context "software_version_and_target_device"
# webtalk_add_data -client project -key target_device -value "NA" -context "software_version_and_target_device"
# webtalk_add_data -client project -key target_package -value "NA" -context "software_version_and_target_device"
# webtalk_add_data -client project -key target_speed -value "NA" -context "software_version_and_target_device"
# webtalk_add_data -client project -key random_id -value "l2a0cpe8gn4k19pbft5gbcrfdb" -context "software_version_and_target_device"
# webtalk_add_data -client project -key project_id -value "2018.3_5" -context "software_version_and_target_device"
# webtalk_add_data -client project -key project_iteration -value "5" -context "software_version_and_target_device"
# webtalk_add_data -client project -key os_name -value "Microsoft Windows 8 or later , 64-bit" -context "user_environment"
# webtalk_add_data -client project -key os_release -value "major release  (build 9200)" -context "user_environment"
# webtalk_add_data -client project -key cpu_name -value "13th Gen Intel(R) Core(TM) i5-13450HX" -context "user_environment"
# webtalk_add_data -client project -key cpu_speed -value "2611 MHz" -context "user_environment"
# webtalk_add_data -client project -key total_processors -value "1" -context "user_environment"
# webtalk_add_data -client project -key system_ram -value "25.463 GB" -context "user_environment"
# webtalk_register_client -client sdk
# webtalk_add_data -client sdk -key uid -value "1778232159615" -context "sdk\\\\bsp/1778232159615"
# webtalk_add_data -client sdk -key hwid -value "1776237818704" -context "sdk\\\\bsp/1778232159615"
# webtalk_add_data -client sdk -key os -value "standalone" -context "sdk\\\\bsp/1778232159615"
# webtalk_add_data -client sdk -key apptemplate -value "null" -context "sdk\\\\bsp/1778232159615"
# webtalk_add_data -client sdk -key RecordType -value "BSPCreation" -context "sdk\\\\bsp/1778232159615"
# webtalk_add_data -client sdk -key uid -value "NA" -context "sdk\\\\bsp/1778232278505"
# webtalk_add_data -client sdk -key RecordType -value "ToolUsage" -context "sdk\\\\bsp/1778232278505"
# webtalk_add_data -client sdk -key BootgenCount -value "0" -context "sdk\\\\bsp/1778232278505"
# webtalk_add_data -client sdk -key DebugCount -value "0" -context "sdk\\\\bsp/1778232278505"
# webtalk_add_data -client sdk -key PerfCount -value "0" -context "sdk\\\\bsp/1778232278505"
# webtalk_add_data -client sdk -key FlashCount -value "0" -context "sdk\\\\bsp/1778232278505"
# webtalk_add_data -client sdk -key CrossTriggCount -value "0" -context "sdk\\\\bsp/1778232278505"
# webtalk_add_data -client sdk -key QemuDebugCount -value "0" -context "sdk\\\\bsp/1778232278505"
# webtalk_transmit -clientid 709598062 -regid "" -xml C:\\ecg_full_release\\project_1\\project_1.sdk\\webtalk\\usage_statistics_ext_sdk.xml -html C:\\ecg_full_release\\project_1\\project_1.sdk\\webtalk\\usage_statistics_ext_sdk.html -wdm C:\\ecg_full_release\\project_1\\project_1.sdk\\webtalk\\sdk_webtalk.wdm -intro "<H3>SDK Usage Report</H3><BR>"
# webtalk_terminate
INFO: [Common 17-206] Exiting Webtalk at Fri May  8 17:24:40 2026...
