Copyright 1986-2018 Xilinx, Inc. All Rights Reserved.
------------------------------------------------------------------------------------
| Tool Version : Vivado v.2018.3 (win64) Build 2405991 Thu Dec  6 23:38:27 MST 2018
| Date         : Wed Apr 15 15:20:30 2026
| Host         : Eason running 64-bit major release  (build 9200)
| Command      : upgrade_ip
| Device       : xc7z020clg484-1
------------------------------------------------------------------------------------

Upgrade Log for IP 'design_1_rst_ps7_0_50M_0'

1. Summary
----------

SUCCESS in the upgrade of design_1_rst_ps7_0_50M_0 (xilinx.com:ip:proc_sys_reset:5.0) from (Rev. 12) to (Rev. 13)






Copyright 1986-2018 Xilinx, Inc. All Rights Reserved.
------------------------------------------------------------------------------------
| Tool Version : Vivado v.2018.3 (win64) Build 2405991 Thu Dec  6 23:38:27 MST 2018
| Date         : Wed Apr 15 15:20:30 2026
| Host         : Eason running 64-bit major release  (build 9200)
| Command      : upgrade_ip
| Device       : xc7z020clg484-1
------------------------------------------------------------------------------------

Upgrade Log for IP 'design_1_ps7_0_axi_periph_0'

1. Summary
----------

SUCCESS in the upgrade of design_1_ps7_0_axi_periph_0 (xilinx.com:ip:axi_interconnect:2.1) from (Rev. 18) to (Rev. 19)






Copyright 1986-2018 Xilinx, Inc. All Rights Reserved.
------------------------------------------------------------------------------------
| Tool Version : Vivado v.2018.3 (win64) Build 2405991 Thu Dec  6 23:38:27 MST 2018
| Date         : Wed Apr 15 15:20:30 2026
| Host         : Eason running 64-bit major release  (build 9200)
| Command      : upgrade_ip
| Device       : xc7z020clg484-1
------------------------------------------------------------------------------------

Upgrade Log for IP 'design_1_myip_0_0'

1. Summary
----------

SUCCESS in the conversion of design_1_myip_0_0 (xilinx.com:user:myip:1.3 (Rev. 1)) to Vivado generation flows.






Copyright 1986-2018 Xilinx, Inc. All Rights Reserved.
------------------------------------------------------------------------------------
| Tool Version : Vivado v.2018.3 (win64) Build 2405991 Thu Dec  6 23:38:27 MST 2018
| Date         : Wed Apr 15 15:20:30 2026
| Host         : Eason running 64-bit major release  (build 9200)
| Command      : upgrade_ip
| Device       : xc7z020clg484-1
------------------------------------------------------------------------------------

Upgrade Log for IP 'design_1_axi_bram_ctrl_0_1'

1. Summary
----------

SUCCESS in the upgrade of design_1_axi_bram_ctrl_0_1 from xilinx.com:ip:axi_bram_ctrl:4.0 (Rev. 14) to xilinx.com:ip:axi_bram_ctrl:4.1






Copyright 1986-2018 Xilinx, Inc. All Rights Reserved.
------------------------------------------------------------------------------------
| Tool Version : Vivado v.2018.3 (win64) Build 2405991 Thu Dec  6 23:38:27 MST 2018
| Date         : Wed Apr 15 15:20:30 2026
| Host         : Eason running 64-bit major release  (build 9200)
| Command      : upgrade_ip
| Device       : xc7z020clg484-1
------------------------------------------------------------------------------------

Upgrade Log for IP 'design_1_axi_bram_ctrl_0_0'

1. Summary
----------

SUCCESS in the upgrade of design_1_axi_bram_ctrl_0_0 from xilinx.com:ip:axi_bram_ctrl:4.0 (Rev. 14) to xilinx.com:ip:axi_bram_ctrl:4.1






Copyright 1986-2018 Xilinx, Inc. All Rights Reserved.
------------------------------------------------------------------------------------
| Tool Version : Vivado v.2018.2 (win64) Build 2258646 Thu Jun 14 20:03:12 MDT 2018
| Date         : Mon Mar 30 21:48:26 2026
| Host         : LAPTOP-KECDVHJK running 64-bit major release  (build 9200)
| Command      : upgrade_ip
| Device       : xc7z020clg484-1
------------------------------------------------------------------------------------

Upgrade Log for IP 'design_1_myip_0_0'

1. Summary
----------

SUCCESS in the upgrade of design_1_myip_0_0 from xilinx.com:user:myip:1.2 (Rev. 1) to xilinx.com:user:myip:1.3 (Rev. 1)






Copyright 1986-2018 Xilinx, Inc. All Rights Reserved.
------------------------------------------------------------------------------------
| Tool Version : Vivado v.2018.2 (win64) Build 2258646 Thu Jun 14 20:03:12 MDT 2018
| Date         : Mon Mar 30 15:47:40 2026
| Host         : LAPTOP-KECDVHJK running 64-bit major release  (build 9200)
| Command      : upgrade_ip
| Device       : xc7z020clg484-1
------------------------------------------------------------------------------------

Upgrade Log for IP 'design_1_myip_0_0'

1. Summary
----------

SUCCESS in the upgrade of design_1_myip_0_0 from xilinx.com:user:myip:1.1 (Rev. 1) to xilinx.com:user:myip:1.2 (Rev. 1)






Copyright 1986-2018 Xilinx, Inc. All Rights Reserved.
------------------------------------------------------------------------------------
| Tool Version : Vivado v.2018.2 (win64) Build 2258646 Thu Jun 14 20:03:12 MDT 2018
| Date         : Mon Mar 30 15:15:16 2026
| Host         : LAPTOP-KECDVHJK running 64-bit major release  (build 9200)
| Command      : upgrade_ip
| Device       : xc7z020clg484-1
------------------------------------------------------------------------------------

Upgrade Log for IP 'design_1_myip_0_0'

1. Summary
----------

SUCCESS in the upgrade of design_1_myip_0_0 from xilinx.com:user:myip:1.0 (Rev. 2) to xilinx.com:user:myip:1.1 (Rev. 1)

